============================= test session starts =============================
platform win32 -- Python 3.14.0, pytest-9.0.2, pluggy-1.6.0 -- C:\Users\Thivian\Desktop\lecturelink-v2\.venv\Scripts\python.exe
cachedir: .pytest_cache
rootdir: C:\Users\Thivian\Desktop\lecturelink-v2\packages\api
configfile: pyproject.toml
plugins: anyio-4.12.1, asyncio-1.3.0
asyncio: mode=Mode.AUTO, debug=False, asyncio_default_fixture_loop_scope=None, asyncio_default_test_loop_scope=function
collecting ... collected 709 items

packages\api\tests\integration\test_error_handling.py::TestAuthErrors::test_missing_auth_header_returns_401 SKIPPED [  0%]
packages\api\tests\integration\test_error_handling.py::TestAuthErrors::test_invalid_bearer_token_returns_401 SKIPPED [  0%]
packages\api\tests\integration\test_error_handling.py::TestNotFoundErrors::test_lecture_not_found SKIPPED [  0%]
packages\api\tests\integration\test_error_handling.py::TestNotFoundErrors::test_lecture_status_not_found SKIPPED [  0%]
packages\api\tests\integration\test_error_handling.py::TestNotFoundErrors::test_quiz_not_found SKIPPED [  0%]
packages\api\tests\integration\test_error_handling.py::TestNotFoundErrors::test_quiz_submit_not_found SKIPPED [  0%]
packages\api\tests\integration\test_error_handling.py::TestNotFoundErrors::test_search_course_not_found SKIPPED [  0%]
packages\api\tests\integration\test_error_handling.py::TestValidationErrors::test_search_empty_query_rejected SKIPPED [  1%]
packages\api\tests\integration\test_error_handling.py::TestValidationErrors::test_search_limit_out_of_range SKIPPED [  1%]
packages\api\tests\integration\test_error_handling.py::TestValidationErrors::test_quiz_generate_too_many_questions SKIPPED [  1%]
packages\api\tests\integration\test_error_handling.py::TestValidationErrors::test_qa_empty_question_rejected SKIPPED [  1%]
packages\api\tests\integration\test_error_handling.py::TestRateLimitErrors::test_qa_rate_limit_exceeded SKIPPED [  1%]
packages\api\tests\integration\test_error_handling.py::TestRateLimitErrors::test_lecture_upload_rate_limit_exceeded SKIPPED [  1%]
packages\api\tests\integration\test_error_handling.py::TestRateLimitErrors::test_quiz_generate_rate_limit_exceeded SKIPPED [  1%]
packages\api\tests\integration\test_error_handling.py::TestRetryErrors::test_retry_non_failed_lecture_returns_400 SKIPPED [  2%]
packages\api\tests\integration\test_error_handling.py::TestRetryErrors::test_retry_max_retries_exceeded_returns_400 SKIPPED [  2%]
packages\api\tests\integration\test_error_handling.py::TestRetryErrors::test_retry_not_found SKIPPED [  2%]
packages\api\tests\integration\test_full_e2e.py::TestLiveE2E::test_stem_syllabus SKIPPED [  2%]
packages\api\tests\integration\test_full_e2e.py::TestLiveE2E::test_business_syllabus SKIPPED [  2%]
packages\api\tests\integration\test_full_e2e.py::TestLiveE2E::test_minimal_syllabus SKIPPED [  2%]
packages\api\tests\integration\test_full_e2e.py::TestLiveE2E::test_week_format_syllabus SKIPPED [  2%]
packages\api\tests\integration\test_full_e2e.py::TestLiveE2E::test_docx_syllabus SKIPPED [  3%]
packages\api\tests\integration\test_full_e2e.py::TestLivePriorityScoring::test_priorities_ordered_correctly SKIPPED [  3%]
packages\api\tests\integration\test_lecture_pipeline.py::TestLectureUpload::test_upload_creates_lecture_record SKIPPED [  3%]
packages\api\tests\integration\test_lecture_pipeline.py::TestLectureUpload::test_upload_rejects_unsupported_file_type SKIPPED [  3%]
packages\api\tests\integration\test_lecture_pipeline.py::TestLectureUpload::test_upload_validates_course_ownership SKIPPED [  3%]
packages\api\tests\integration\test_lecture_pipeline.py::TestLectureStatusProgression::test_status_pending SKIPPED [  3%]
packages\api\tests\integration\test_lecture_pipeline.py::TestLectureStatusProgression::test_status_processing_with_stage SKIPPED [  3%]
packages\api\tests\integration\test_lecture_pipeline.py::TestLectureStatusProgression::test_status_completed SKIPPED [  4%]
packages\api\tests\integration\test_lecture_pipeline.py::TestLectureStatusProgression::test_status_failed_shows_error SKIPPED [  4%]
packages\api\tests\integration\test_lecture_pipeline.py::TestLectureStatusProgression::test_status_not_found SKIPPED [  4%]
packages\api\tests\integration\test_lecture_pipeline.py::TestLectureListAndDetail::test_list_lectures_returns_array SKIPPED [  4%]
packages\api\tests\integration\test_lecture_pipeline.py::TestLectureListAndDetail::test_list_lectures_course_not_found SKIPPED [  4%]
packages\api\tests\integration\test_lecture_pipeline.py::TestLectureListAndDetail::test_get_lecture_detail_includes_concepts SKIPPED [  4%]
packages\api\tests\integration\test_performance.py::TestEndpointLatency::test_lecture_status_latency SKIPPED [  4%]
packages\api\tests\integration\test_performance.py::TestEndpointLatency::test_search_endpoint_latency SKIPPED [  5%]
packages\api\tests\integration\test_performance.py::TestEndpointLatency::test_quiz_questions_latency SKIPPED [  5%]
packages\api\tests\integration\test_performance.py::TestEndpointLatency::test_quiz_submit_latency SKIPPED [  5%]
packages\api\tests\integration\test_performance.py::TestEndpointLatency::test_list_lectures_latency SKIPPED [  5%]
packages\api\tests\integration\test_performance.py::TestEndpointLatency::test_list_concepts_latency SKIPPED [  5%]
packages\api\tests\integration\test_priority_scoring.py::TestPriorityScoringFormula::test_high_weight_beats_low_weight_same_deadline SKIPPED [  5%]
packages\api\tests\integration\test_priority_scoring.py::TestPriorityScoringFormula::test_close_deadline_beats_distant_same_weight SKIPPED [  5%]
packages\api\tests\integration\test_priority_scoring.py::TestPriorityScoringFormula::test_past_due_gets_high_urgency SKIPPED [  6%]
packages\api\tests\integration\test_priority_scoring.py::TestPriorityScoringFormula::test_null_due_date_returns_zero SKIPPED [  6%]
packages\api\tests\integration\test_priority_scoring.py::TestPriorityScoringFormula::test_null_weight_still_has_urgency SKIPPED [  6%]
packages\api\tests\integration\test_priority_scoring.py::TestPriorityScoringFormula::test_due_today_has_max_urgency SKIPPED [  6%]
packages\api\tests\integration\test_priority_scoring.py::TestPriorityScoringFormula::test_exam_beats_homework_realistic SKIPPED [  6%]
packages\api\tests\integration\test_priority_scoring.py::TestPriorityScoringEndpoint::test_endpoint_returns_priorities SKIPPED [  6%]
packages\api\tests\integration\test_priority_scoring.py::TestPriorityScoringEndpoint::test_endpoint_returns_correct_shape SKIPPED [  6%]
packages\api\tests\integration\test_priority_scoring.py::TestPriorityScoringEndpoint::test_empty_course_returns_empty_list SKIPPED [  7%]
packages\api\tests\integration\test_priority_scoring.py::TestPriorityScoringEndpoint::test_course_not_found_returns_404 SKIPPED [  7%]
packages\api\tests\integration\test_quiz_lifecycle.py::TestQuizGeneration::test_generate_returns_201_with_quiz_id SKIPPED [  7%]
packages\api\tests\integration\test_quiz_lifecycle.py::TestQuizGeneration::test_generate_course_not_found SKIPPED [  7%]
packages\api\tests\integration\test_quiz_lifecycle.py::TestQuizGeneration::test_generate_with_assessment_target SKIPPED [  7%]
packages\api\tests\integration\test_quiz_lifecycle.py::TestQuizRetrieval::test_get_ready_quiz_includes_questions SKIPPED [  7%]
packages\api\tests\integration\test_quiz_lifecycle.py::TestQuizRetrieval::test_get_quiz_strips_is_correct_from_options SKIPPED [  7%]
packages\api\tests\integration\test_quiz_lifecycle.py::TestQuizRetrieval::test_get_quiz_not_found SKIPPED [  8%]
packages\api\tests\integration\test_quiz_lifecycle.py::TestQuizRetrieval::test_generating_quiz_has_no_questions SKIPPED [  8%]
packages\api\tests\integration\test_quiz_lifecycle.py::TestQuizSubmission::test_submit_returns_scored_results SKIPPED [  8%]
packages\api\tests\integration\test_quiz_lifecycle.py::TestQuizSubmission::test_submit_partial_score SKIPPED [  8%]
packages\api\tests\integration\test_quiz_lifecycle.py::TestQuizSubmission::test_submit_quiz_not_found SKIPPED [  8%]
packages\api\tests\integration\test_quiz_lifecycle.py::TestQuizSubmission::test_submit_not_ready_quiz_rejected SKIPPED [  8%]
packages\api\tests\integration\test_quiz_lifecycle.py::TestQuizListing::test_list_quizzes_for_course SKIPPED [  8%]
packages\api\tests\integration\test_quiz_lifecycle.py::TestQuizListing::test_list_quizzes_course_not_found SKIPPED [  9%]
packages\api\tests\integration\test_search_qa.py::TestSearchEndpoint::test_search_returns_results SKIPPED [  9%]
packages\api\tests\integration\test_search_qa.py::TestSearchEndpoint::test_search_empty_results SKIPPED [  9%]
packages\api\tests\integration\test_search_qa.py::TestSearchEndpoint::test_search_course_not_found SKIPPED [  9%]
packages\api\tests\integration\test_search_qa.py::TestSearchEndpoint::test_search_respects_limit SKIPPED [  9%]
packages\api\tests\integration\test_search_qa.py::TestSearchEndpoint::test_search_filters_by_lecture_ids SKIPPED [  9%]
packages\api\tests\integration\test_search_qa.py::TestQAEndpoint::test_qa_returns_answer SKIPPED [  9%]
packages\api\tests\integration\test_search_qa.py::TestQAEndpoint::test_qa_no_content_fallback SKIPPED [ 10%]
packages\api\tests\integration\test_search_qa.py::TestQAEndpoint::test_qa_course_not_found SKIPPED [ 10%]
packages\api\tests\integration\test_search_qa.py::TestQAEndpoint::test_qa_empty_question_rejected SKIPPED [ 10%]
packages\api\tests\integration\test_search_qa.py::TestQAEndpoint::test_qa_includes_source_chunks SKIPPED [ 10%]
packages\api\tests\integration\test_status_progression.py::TestSyllabusStatusProgression::test_status_pending_after_creation SKIPPED [ 10%]
packages\api\tests\integration\test_status_progression.py::TestSyllabusStatusProgression::test_status_processing_during_pipeline SKIPPED [ 10%]
packages\api\tests\integration\test_status_progression.py::TestSyllabusStatusProgression::test_status_complete_after_processing SKIPPED [ 10%]
packages\api\tests\integration\test_status_progression.py::TestSyllabusStatusProgression::test_status_complete_after_review SKIPPED [ 11%]
packages\api\tests\integration\test_status_progression.py::TestSyllabusStatusProgression::test_status_error_on_failure SKIPPED [ 11%]
packages\api\tests\integration\test_status_progression.py::TestSyllabusStatusProgression::test_status_not_found SKIPPED [ 11%]
packages\api\tests\integration\test_syllabus_pipeline.py::TestPostProcessingIntegration::test_pipeline_output_parses_to_model SKIPPED [ 11%]
packages\api\tests\integration\test_syllabus_pipeline.py::TestPostProcessingIntegration::test_grade_weights_sum_correctly SKIPPED [ 11%]
packages\api\tests\integration\test_syllabus_pipeline.py::TestPostProcessingIntegration::test_assessments_have_required_fields SKIPPED [ 11%]
packages\api\tests\integration\test_syllabus_pipeline.py::TestDateResolutionIntegration::test_explicit_dates_preserved SKIPPED [ 11%]
packages\api\tests\integration\test_syllabus_pipeline.py::TestDateResolutionIntegration::test_week_n_format_resolution SKIPPED [ 11%]
packages\api\tests\integration\test_syllabus_pipeline.py::TestDateResolutionIntegration::test_ambiguous_dates_flagged SKIPPED [ 12%]
packages\api\tests\integration\test_syllabus_pipeline.py::TestAssessmentConversion::test_conversion_produces_correct_row_count SKIPPED [ 12%]
packages\api\tests\integration\test_syllabus_pipeline.py::TestAssessmentConversion::test_rows_have_correct_foreign_keys SKIPPED [ 12%]
packages\api\tests\integration\test_syllabus_pipeline.py::TestAssessmentConversion::test_weight_percent_converted_to_float SKIPPED [ 12%]
packages\api\tests\integration\test_syllabus_pipeline.py::TestUploadAndReviewFlow::test_upload_creates_processing_record SKIPPED [ 12%]
packages\api\tests\integration\test_syllabus_pipeline.py::TestUploadAndReviewFlow::test_review_marks_syllabus_complete SKIPPED [ 12%]
packages\api\tests\integration\test_syllabus_pipeline.py::TestUploadAndReviewFlow::test_assessment_manual_correction_clears_ambiguous SKIPPED [ 12%]
packages\api\tests\test_adaptive_planner.py::TestAdaptivePlanQuiz::test_adaptive_prioritizes_weak_concepts PASSED [ 13%]
packages\api\tests\test_adaptive_planner.py::TestAdaptivePlanQuiz::test_adaptive_returns_adaptive_difficulties PASSED [ 13%]
packages\api\tests\test_adaptive_planner.py::TestAdaptivePlanQuiz::test_adaptive_difficulty_increases_for_strong_students PASSED [ 13%]
packages\api\tests\test_adaptive_planner.py::TestAdaptivePlanQuiz::test_non_adaptive_unchanged PASSED [ 13%]
packages\api\tests\test_adaptive_planner.py::TestAdaptivePlanQuiz::test_adaptive_new_concepts_get_medium_priority PASSED [ 13%]
packages\api\tests\test_answer_resolution.py::TestResolveCorrectAnswer::test_already_option_text PASSED [ 13%]
packages\api\tests\test_answer_resolution.py::TestResolveCorrectAnswer::test_label_resolves_to_text PASSED [ 13%]
packages\api\tests\test_answer_resolution.py::TestResolveCorrectAnswer::test_label_lowercase PASSED [ 14%]
packages\api\tests\test_answer_resolution.py::TestResolveCorrectAnswer::test_label_dot_text_format PASSED [ 14%]
packages\api\tests\test_answer_resolution.py::TestResolveCorrectAnswer::test_label_paren_text_format PASSED [ 14%]
packages\api\tests\test_answer_resolution.py::TestResolveCorrectAnswer::test_fallback_to_is_correct PASSED [ 14%]
packages\api\tests\test_answer_resolution.py::TestResolveCorrectAnswer::test_none_correct_answer PASSED [ 14%]
packages\api\tests\test_answer_resolution.py::TestResolveCorrectAnswer::test_none_options PASSED [ 14%]
packages\api\tests\test_answer_resolution.py::TestResolveCorrectAnswer::test_plain_string_options_with_label PASSED [ 14%]
packages\api\tests\test_answer_resolution.py::TestResolveCorrectAnswer::test_plain_string_options_direct_match PASSED [ 15%]
packages\api\tests\test_answer_resolution.py::TestResolveCorrectAnswer::test_c_correct PASSED [ 15%]
packages\api\tests\test_answer_resolution.py::TestResolveCorrectOptionIndex::test_is_correct_flag_first_option PASSED [ 15%]
packages\api\tests\test_answer_resolution.py::TestResolveCorrectOptionIndex::test_is_correct_flag_third_option PASSED [ 15%]
packages\api\tests\test_answer_resolution.py::TestResolveCorrectOptionIndex::test_is_correct_flag_true_false PASSED [ 15%]
packages\api\tests\test_answer_resolution.py::TestResolveCorrectOptionIndex::test_exact_text_match PASSED [ 15%]
packages\api\tests\test_answer_resolution.py::TestResolveCorrectOptionIndex::test_case_insensitive_text_match PASSED [ 15%]
packages\api\tests\test_answer_resolution.py::TestResolveCorrectOptionIndex::test_label_match PASSED [ 16%]
packages\api\tests\test_answer_resolution.py::TestResolveCorrectOptionIndex::test_label_match_lowercase PASSED [ 16%]
packages\api\tests\test_answer_resolution.py::TestResolveCorrectOptionIndex::test_label_dot_text PASSED [ 16%]
packages\api\tests\test_answer_resolution.py::TestResolveCorrectOptionIndex::test_label_paren_text PASSED [ 16%]
packages\api\tests\test_answer_resolution.py::TestResolveCorrectOptionIndex::test_true_false_true_variants PASSED [ 16%]
packages\api\tests\test_answer_resolution.py::TestResolveCorrectOptionIndex::test_true_false_false_variants PASSED [ 16%]
packages\api\tests\test_answer_resolution.py::TestResolveCorrectOptionIndex::test_none_options_returns_none PASSED [ 16%]
packages\api\tests\test_answer_resolution.py::TestResolveCorrectOptionIndex::test_empty_options_returns_none PASSED [ 17%]
packages\api\tests\test_answer_resolution.py::TestResolveCorrectOptionIndex::test_none_correct_answer_no_flag PASSED [ 17%]
packages\api\tests\test_answer_resolution.py::TestResolveCorrectOptionIndex::test_no_match_returns_none PASSED [ 17%]
packages\api\tests\test_answer_resolution.py::TestResolveCorrectOptionIndex::test_multiple_is_correct_returns_first PASSED [ 17%]
packages\api\tests\test_api.py::TestCourses::test_create_course PASSED   [ 17%]
packages\api\tests\test_api.py::TestCourses::test_list_courses PASSED    [ 17%]
packages\api\tests\test_api.py::TestCourses::test_get_course PASSED      [ 17%]
packages\api\tests\test_api.py::TestCourses::test_get_course_not_found PASSED [ 18%]
packages\api\tests\test_api.py::TestCourses::test_update_course PASSED   [ 18%]
packages\api\tests\test_api.py::TestCourses::test_update_course_empty_body PASSED [ 18%]
packages\api\tests\test_api.py::TestCourses::test_delete_course PASSED   [ 18%]
packages\api\tests\test_api.py::TestCourses::test_delete_course_not_found PASSED [ 18%]
packages\api\tests\test_api.py::TestSyllabi::test_upload_triggers_processing PASSED [ 18%]
packages\api\tests\test_api.py::TestSyllabi::test_upload_rejects_unsupported_type PASSED [ 18%]
packages\api\tests\test_api.py::TestSyllabi::test_get_syllabus PASSED    [ 19%]
packages\api\tests\test_api.py::TestSyllabi::test_get_syllabus_status_complete PASSED [ 19%]
packages\api\tests\test_api.py::TestSyllabi::test_get_syllabus_status_processing PASSED [ 19%]
packages\api\tests\test_api.py::TestSyllabi::test_get_syllabus_status_error PASSED [ 19%]
packages\api\tests\test_api.py::TestSyllabi::test_review_syllabus PASSED [ 19%]
packages\api\tests\test_api.py::TestAssessments::test_list_assessments PASSED [ 19%]
packages\api\tests\test_api.py::TestAssessments::test_get_priorities PASSED [ 19%]
packages\api\tests\test_api.py::TestAssessments::test_update_assessment PASSED [ 20%]
packages\api\tests\test_api.py::TestAssessments::test_delete_assessment PASSED [ 20%]
packages\api\tests\test_api.py::TestAuth::test_missing_token_rejected PASSED [ 20%]
packages\api\tests\test_api.py::TestAuth::test_invalid_token_returns_401 PASSED [ 20%]
packages\api\tests\test_api.py::TestAuth::test_health_no_auth_required PASSED [ 20%]
packages\api\tests\test_api_models.py::TestLectureResponse::test_valid PASSED [ 20%]
packages\api\tests\test_api_models.py::TestLectureResponse::test_optional_fields_default_none PASSED [ 20%]
packages\api\tests\test_api_models.py::TestLectureResponse::test_missing_required_field PASSED [ 21%]
packages\api\tests\test_api_models.py::TestLectureStatusResponse::test_valid PASSED [ 21%]
packages\api\tests\test_api_models.py::TestLectureStatusResponse::test_all_states[pending] PASSED [ 21%]
packages\api\tests\test_api_models.py::TestLectureStatusResponse::test_all_states[processing] PASSED [ 21%]
packages\api\tests\test_api_models.py::TestLectureStatusResponse::test_all_states[completed] PASSED [ 21%]
packages\api\tests\test_api_models.py::TestLectureStatusResponse::test_all_states[error] PASSED [ 21%]
packages\api\tests\test_api_models.py::TestLectureStatusResponse::test_with_error PASSED [ 21%]
packages\api\tests\test_api_models.py::TestSearchResult::test_valid PASSED [ 22%]
packages\api\tests\test_api_models.py::TestSearchResult::test_with_all_optional PASSED [ 22%]
packages\api\tests\test_api_models.py::TestSearchResult::test_missing_required PASSED [ 22%]
packages\api\tests\test_api_models.py::TestQAResponse::test_valid PASSED [ 22%]
packages\api\tests\test_api_models.py::TestQAResponse::test_empty_lists PASSED [ 22%]
packages\api\tests\test_api_models.py::TestQuizResponse::test_valid PASSED [ 22%]
packages\api\tests\test_api_models.py::TestQuizResponse::test_with_best_score PASSED [ 22%]
packages\api\tests\test_api_models.py::TestQuizQuestionResponse::test_valid PASSED [ 22%]
packages\api\tests\test_api_models.py::TestQuizQuestionResponse::test_includes_correct_answer_and_explanation PASSED [ 23%]
packages\api\tests\test_api_models.py::TestQuizQuestionResponse::test_correct_option_index PASSED [ 23%]
packages\api\tests\test_api_models.py::TestQuizQuestionResponse::test_correct_option_index_defaults_none PASSED [ 23%]
packages\api\tests\test_api_models.py::TestQuizQuestionResponse::test_with_options PASSED [ 23%]
packages\api\tests\test_api_models.py::TestQuizSubmissionResult::test_valid PASSED [ 23%]
packages\api\tests\test_api_models.py::TestQuizSubmissionResult::test_with_results PASSED [ 23%]
packages\api\tests\test_api_models.py::TestConceptResponse::test_valid PASSED [ 23%]
packages\api\tests\test_api_models.py::TestConceptResponse::test_with_all_fields PASSED [ 24%]
packages\api\tests\test_audio_transcriber.py::TestValidateTranscript::test_valid_segments_returned PASSED [ 24%]
packages\api\tests\test_audio_transcriber.py::TestValidateTranscript::test_missing_fields_skipped PASSED [ 24%]
packages\api\tests\test_audio_transcriber.py::TestValidateTranscript::test_overlapping_timestamps_fixed PASSED [ 24%]
packages\api\tests\test_audio_transcriber.py::TestValidateTranscript::test_empty_text_filtered PASSED [ 24%]
packages\api\tests\test_audio_transcriber.py::TestValidateTranscript::test_end_before_start_fixed PASSED [ 24%]
packages\api\tests\test_audio_transcriber.py::TestValidateTranscript::test_default_speaker PASSED [ 24%]
packages\api\tests\test_audio_transcriber.py::TestValidateTranscript::test_non_dict_segments_skipped PASSED [ 25%]
packages\api\tests\test_audio_transcriber.py::TestValidateTranscript::test_non_numeric_timestamps_skipped PASSED [ 25%]
packages\api\tests\test_audio_transcriber.py::TestValidateTranscript::test_empty_input PASSED [ 25%]
packages\api\tests\test_audio_transcriber.py::TestValidateTranscript::test_monotonically_decreasing_timestamps PASSED [ 25%]
packages\api\tests\test_audio_transcriber.py::TestGetAudioMimeType::test_known_formats[.mp3-audio/mpeg] PASSED [ 25%]
packages\api\tests\test_audio_transcriber.py::TestGetAudioMimeType::test_known_formats[.wav-audio/wav] PASSED [ 25%]
packages\api\tests\test_audio_transcriber.py::TestGetAudioMimeType::test_known_formats[.m4a-audio/mp4] PASSED [ 25%]
packages\api\tests\test_audio_transcriber.py::TestGetAudioMimeType::test_known_formats[.ogg-audio/ogg] PASSED [ 26%]
packages\api\tests\test_audio_transcriber.py::TestGetAudioMimeType::test_known_formats[.webm-audio/webm] PASSED [ 26%]
packages\api\tests\test_audio_transcriber.py::TestGetAudioMimeType::test_known_formats[.flac-audio/flac] PASSED [ 26%]
packages\api\tests\test_audio_transcriber.py::TestGetAudioMimeType::test_unknown_extension_defaults_to_mpeg PASSED [ 26%]
packages\api\tests\test_audio_transcriber.py::TestGetAudioMimeType::test_case_insensitive PASSED [ 26%]
packages\api\tests\test_audio_transcriber.py::TestGetAudioMimeType::test_url_path PASSED [ 26%]
packages\api\tests\test_audio_transcriber.py::TestStripMarkdownFences::test_no_fences PASSED [ 26%]
packages\api\tests\test_audio_transcriber.py::TestStripMarkdownFences::test_json_fences PASSED [ 27%]
packages\api\tests\test_audio_transcriber.py::TestStripMarkdownFences::test_plain_fences PASSED [ 27%]
packages\api\tests\test_audio_transcriber.py::TestStripMarkdownFences::test_whitespace_padding PASSED [ 27%]
packages\api\tests\test_audio_transcriber.py::TestTranscribeAudio::test_successful_transcription PASSED [ 27%]
packages\api\tests\test_audio_transcriber.py::TestTranscribeAudio::test_markdown_wrapped_json PASSED [ 27%]
packages\api\tests\test_audio_transcriber.py::TestTranscribeAudio::test_invalid_json_raises_error PASSED [ 27%]
packages\api\tests\test_audio_transcriber.py::TestTranscribeAudio::test_file_not_found_raises_error PASSED [ 27%]
packages\api\tests\test_audio_transcriber.py::TestTranscribeAudio::test_retry_on_transient_failure PASSED [ 28%]
packages\api\tests\test_audio_transcriber.py::TestTranscribeAudio::test_all_retries_exhausted PASSED [ 28%]
packages\api\tests\test_audio_transcriber.py::TestTranscribeAudio::test_large_file_uses_file_api PASSED [ 28%]
packages\api\tests\test_audio_transcriber.py::TestTranscribeAudio::test_small_file_uses_inline_bytes PASSED [ 28%]
packages\api\tests\test_audio_transcriber.py::TestUpdateProcessingStatus::test_basic_status_update PASSED [ 28%]
packages\api\tests\test_audio_transcriber.py::TestUpdateProcessingStatus::test_status_with_stage_and_progress PASSED [ 28%]
packages\api\tests\test_audio_transcriber.py::TestUpdateProcessingStatus::test_failed_status_with_error PASSED [ 28%]
packages\api\tests\test_audio_transcriber.py::TestUpdateProcessingStatus::test_omitted_optional_fields_not_included PASSED [ 29%]
packages\api\tests\test_background.py::TestSuccessfulProcessing::test_returns_result_on_success PASSED [ 29%]
packages\api\tests\test_background.py::TestSuccessfulProcessing::test_calls_process_lecture_with_correct_args PASSED [ 29%]
packages\api\tests\test_background.py::TestRetryBehavior::test_retries_on_failure_then_succeeds PASSED [ 29%]
packages\api\tests\test_background.py::TestRetryBehavior::test_all_retries_exhausted_returns_none PASSED [ 29%]
packages\api\tests\test_background.py::TestExponentialBackoff::test_backoff_durations PASSED [ 29%]
packages\api\tests\test_background.py::TestExponentialBackoff::test_no_sleep_on_success PASSED [ 29%]
packages\api\tests\test_chunk_validator.py::TestValidateChunkReferences::test_all_valid PASSED [ 30%]
packages\api\tests\test_chunk_validator.py::TestValidateChunkReferences::test_some_orphaned PASSED [ 30%]
packages\api\tests\test_chunk_validator.py::TestValidateChunkReferences::test_empty_list PASSED [ 30%]
packages\api\tests\test_chunk_validator.py::TestValidateChunkReferences::test_all_orphaned PASSED [ 30%]
packages\api\tests\test_chunker.py::TestChunkContent::test_empty_list_returns_empty PASSED [ 30%]
packages\api\tests\test_chunker.py::TestChunkContent::test_short_content_single_chunk PASSED [ 30%]
packages\api\tests\test_chunker.py::TestChunkContent::test_long_content_multiple_chunks_with_overlap PASSED [ 30%]
packages\api\tests\test_chunker.py::TestChunkContent::test_last_tiny_chunk_merges_with_previous PASSED [ 31%]
packages\api\tests\test_chunker.py::TestChunkContent::test_empty_text_segments_skipped PASSED [ 31%]
packages\api\tests\test_chunker.py::TestChunkContent::test_chunk_has_correct_timing PASSED [ 31%]
packages\api\tests\test_chunker.py::TestBuildChunk::test_assigns_correct_metadata PASSED [ 31%]
packages\api\tests\test_chunker.py::TestBuildChunk::test_most_common_slide_number PASSED [ 31%]
packages\api\tests\test_chunker.py::TestBuildChunk::test_no_slide_numbers_returns_none PASSED [ 31%]
packages\api\tests\test_chunker.py::TestBuildChunk::test_mixed_sources_prefers_aligned PASSED [ 31%]
packages\api\tests\test_chunker.py::TestEstimateTokens::test_reasonable_estimates PASSED [ 32%]
packages\api\tests\test_chunker.py::TestEstimateTokens::test_empty_string PASSED [ 32%]
packages\api\tests\test_chunker.py::TestEstimateTokens::test_single_word PASSED [ 32%]
packages\api\tests\test_chunker.py::TestEmbedChunks::test_chunks_get_768_dim_embeddings PASSED [ 32%]
packages\api\tests\test_chunker.py::TestEmbedChunks::test_empty_chunks_returns_empty PASSED [ 32%]
packages\api\tests\test_chunker.py::TestEmbedChunks::test_api_failure_raises_embedding_error PASSED [ 32%]
packages\api\tests\test_chunker.py::TestEmbedConcepts::test_concepts_get_768_dim_embeddings PASSED [ 32%]
packages\api\tests\test_chunker.py::TestEmbedConcepts::test_empty_concepts_returns_empty PASSED [ 33%]
packages\api\tests\test_chunker.py::TestEmbedConcepts::test_api_failure_raises_embedding_error PASSED [ 33%]
packages\api\tests\test_coach_routes.py::TestStudyCoachChat::test_chat_returns_200 PASSED [ 33%]
packages\api\tests\test_coach_routes.py::TestStudyCoachChat::test_returns_404_for_missing_course PASSED [ 33%]
packages\api\tests\test_coach_routes.py::TestStudyCoachChat::test_rejects_empty_message PASSED [ 33%]
packages\api\tests\test_coach_routes.py::TestPerformanceEndpoint::test_get_performance_returns_200 PASSED [ 33%]
packages\api\tests\test_coach_routes.py::TestPerformanceEndpoint::test_performance_404_for_missing_course PASSED [ 33%]
packages\api\tests\test_concept_chunk_linker.py::TestLinkConceptsToChunks::test_valid_embeddings_assigns_top_k_chunk_ids PASSED [ 33%]
packages\api\tests\test_concept_chunk_linker.py::TestLinkConceptsToChunks::test_empty_concepts_returns_empty PASSED [ 34%]
packages\api\tests\test_concept_chunk_linker.py::TestLinkConceptsToChunks::test_empty_chunks_returns_concepts_unchanged PASSED [ 34%]
packages\api\tests\test_concept_chunk_linker.py::TestLinkConceptsToChunks::test_concept_without_embedding_gets_empty_ids PASSED [ 34%]
packages\api\tests\test_concept_chunk_linker.py::TestLinkConceptsToChunks::test_top_k_capped_at_chunk_count PASSED [ 34%]
packages\api\tests\test_concept_chunk_linker.py::TestLinkConceptsToChunks::test_cosine_similarity_identifies_most_relevant PASSED [ 34%]
packages\api\tests\test_concept_chunk_linker.py::TestLinkConceptsToChunks::test_uses_chunk_index_when_no_id PASSED [ 34%]
packages\api\tests\test_concept_chunk_linker.py::TestLinkConceptsToChunks::test_zero_norm_embedding_gets_empty_ids PASSED [ 34%]
packages\api\tests\test_concept_chunk_linker.py::TestLinkConceptsToChunks::test_multiple_concepts_linked_independently PASSED [ 35%]
packages\api\tests\test_concept_extractor.py::TestValidateConcepts::test_valid_data_passes_through PASSED [ 35%]
packages\api\tests\test_concept_extractor.py::TestValidateConcepts::test_deduplicates_by_title_case_insensitive PASSED [ 35%]
packages\api\tests\test_concept_extractor.py::TestValidateConcepts::test_rejects_empty_titles PASSED [ 35%]
packages\api\tests\test_concept_extractor.py::TestValidateConcepts::test_clamps_difficulty_to_range PASSED [ 35%]
packages\api\tests\test_concept_extractor.py::TestValidateConcepts::test_normalizes_invalid_categories PASSED [ 35%]
packages\api\tests\test_concept_extractor.py::TestValidateConcepts::test_defaults_for_missing_fields PASSED [ 35%]
packages\api\tests\test_concept_extractor.py::TestFormatContentForExtraction::test_formats_timestamps_and_slide_refs PASSED [ 36%]
packages\api\tests\test_concept_extractor.py::TestFormatContentForExtraction::test_non_professor_speaker_shown PASSED [ 36%]
packages\api\tests\test_concept_extractor.py::TestFormatContentForExtraction::test_professor_speaker_omitted PASSED [ 36%]
packages\api\tests\test_concept_extractor.py::TestFormatContentForExtraction::test_no_timestamp_when_start_is_none PASSED [ 36%]
packages\api\tests\test_concept_extractor.py::TestExtractConcepts::test_successful_extraction PASSED [ 36%]
packages\api\tests\test_concept_extractor.py::TestExtractConcepts::test_handles_markdown_wrapped_json PASSED [ 36%]
packages\api\tests\test_concept_extractor.py::TestExtractConcepts::test_invalid_json_raises_error PASSED [ 36%]
packages\api\tests\test_concept_extractor.py::TestExtractConcepts::test_api_failure_raises_error PASSED [ 37%]
packages\api\tests\test_concept_mapper.py::TestMapConceptsSuccess::test_creates_links_with_valid_data PASSED [ 37%]
packages\api\tests\test_concept_mapper.py::TestMapConceptsSuccess::test_handles_markdown_fenced_response PASSED [ 37%]
packages\api\tests\test_concept_mapper.py::TestNoAssessments::test_returns_empty_with_no_assessments PASSED [ 37%]
packages\api\tests\test_concept_mapper.py::TestGeminiFallback::test_falls_back_to_embedding_mapping PASSED [ 37%]
packages\api\tests\test_concept_mapper.py::TestEmbeddingFallback::test_high_similarity_creates_links PASSED [ 37%]
packages\api\tests\test_concept_mapper.py::TestEmbeddingFallback::test_low_similarity_no_links PASSED [ 37%]
packages\api\tests\test_concept_mapper.py::TestEmbeddingFallback::test_no_embedding_on_concept_skipped PASSED [ 38%]
packages\api\tests\test_concept_mapper.py::TestEmbeddingFallback::test_embedding_api_failure_returns_empty PASSED [ 38%]
packages\api\tests\test_concept_mapper.py::TestGetSyllabusSchedule::test_returns_schedule_from_confirmed_syllabus PASSED [ 38%]
packages\api\tests\test_concept_mapper.py::TestGetSyllabusSchedule::test_returns_empty_with_no_syllabus PASSED [ 38%]
packages\api\tests\test_concept_mapper.py::TestGetSyllabusSchedule::test_returns_empty_on_db_error PASSED [ 38%]
packages\api\tests\test_concept_mapper.py::TestRelevanceFiltering::test_scores_below_threshold_filtered PASSED [ 38%]
packages\api\tests\test_concept_mapper.py::TestCaseInsensitiveMatching::test_titles_matched_case_insensitively PASSED [ 38%]
packages\api\tests\test_concept_mapper.py::TestUpsertReprocessing::test_upsert_used_for_conflict_handling PASSED [ 39%]
packages\api\tests\test_content_aligner.py::TestAlignContent::test_audio_and_slides_calls_gemini PASSED [ 39%]
packages\api\tests\test_content_aligner.py::TestAlignContent::test_audio_only_returns_audio_source PASSED [ 39%]
packages\api\tests\test_content_aligner.py::TestAlignContent::test_audio_only_with_empty_list PASSED [ 39%]
packages\api\tests\test_content_aligner.py::TestAlignContent::test_slides_only_returns_slide_source PASSED [ 39%]
packages\api\tests\test_content_aligner.py::TestAlignContent::test_slides_only_with_empty_transcript PASSED [ 39%]
packages\api\tests\test_content_aligner.py::TestAlignContent::test_neither_raises_value_error PASSED [ 39%]
packages\api\tests\test_content_aligner.py::TestAlignContent::test_both_empty_raises_value_error PASSED [ 40%]
packages\api\tests\test_content_aligner.py::TestAlignContent::test_gemini_failure_falls_back_to_heuristic PASSED [ 40%]
packages\api\tests\test_content_aligner.py::TestAlignContent::test_default_speaker PASSED [ 40%]
packages\api\tests\test_content_aligner.py::TestHeuristicAlign::test_distributes_evenly PASSED [ 40%]
packages\api\tests\test_content_aligner.py::TestHeuristicAlign::test_all_segments_get_aligned_source PASSED [ 40%]
packages\api\tests\test_content_aligner.py::TestHeuristicAlign::test_empty_transcript_returns_empty PASSED [ 40%]
packages\api\tests\test_content_aligner.py::TestHeuristicAlign::test_empty_slides_returns_raw_transcript PASSED [ 40%]
packages\api\tests\test_content_aligner.py::TestHeuristicAlign::test_single_slide PASSED [ 41%]
packages\api\tests\test_content_aligner.py::TestHeuristicAlign::test_zero_duration_uses_fallback PASSED [ 41%]
packages\api\tests\test_content_aligner.py::TestValidateAlignment::test_valid_data_passes_through PASSED [ 41%]
packages\api\tests\test_content_aligner.py::TestValidateAlignment::test_clamps_slide_number_too_high PASSED [ 41%]
packages\api\tests\test_content_aligner.py::TestValidateAlignment::test_clamps_slide_number_too_low PASSED [ 41%]
packages\api\tests\test_content_aligner.py::TestValidateAlignment::test_clamps_negative_slide_number PASSED [ 41%]
packages\api\tests\test_content_aligner.py::TestValidateAlignment::test_none_slide_number_preserved PASSED [ 41%]
packages\api\tests\test_content_aligner.py::TestValidateAlignment::test_missing_fields_get_defaults PASSED [ 42%]
packages\api\tests\test_content_aligner.py::TestSlideToText::test_full_slide PASSED [ 42%]
packages\api\tests\test_content_aligner.py::TestSlideToText::test_slide_without_title PASSED [ 42%]
packages\api\tests\test_content_aligner.py::TestSlideToText::test_slide_without_any_content PASSED [ 42%]
packages\api\tests\test_content_aligner.py::TestSlideToText::test_slide_with_visual_only PASSED [ 42%]
packages\api\tests\test_date_resolver.py::TestSemesterContext::test_creation PASSED [ 42%]
packages\api\tests\test_date_resolver.py::TestSemesterContext::test_default_holidays PASSED [ 42%]
packages\api\tests\test_date_resolver.py::TestResolvedDate::test_resolved_with_value PASSED [ 43%]
packages\api\tests\test_date_resolver.py::TestResolvedDate::test_resolved_none PASSED [ 43%]
packages\api\tests\test_date_resolver.py::TestDayMap::test_all_days_present PASSED [ 43%]
packages\api\tests\test_date_resolver.py::TestDayMap::test_monday_is_zero PASSED [ 43%]
packages\api\tests\test_date_resolver.py::TestDayMap::test_sunday_is_six PASSED [ 43%]
packages\api\tests\test_date_resolver.py::TestLayer1LLMValidation::test_llm_date_within_semester PASSED [ 43%]
packages\api\tests\test_date_resolver.py::TestLayer1LLMValidation::test_llm_date_at_semester_start PASSED [ 43%]
packages\api\tests\test_date_resolver.py::TestLayer1LLMValidation::test_llm_date_at_semester_end PASSED [ 44%]
packages\api\tests\test_date_resolver.py::TestLayer1LLMValidation::test_llm_date_before_semester_rejected PASSED [ 44%]
packages\api\tests\test_date_resolver.py::TestLayer1LLMValidation::test_llm_date_after_semester_rejected PASSED [ 44%]
packages\api\tests\test_date_resolver.py::TestLayer1LLMValidation::test_llm_none_skips_to_other_layers PASSED [ 44%]
packages\api\tests\test_date_resolver.py::TestLayer1LLMValidation::test_llm_takes_priority_over_week_pattern PASSED [ 44%]
packages\api\tests\test_date_resolver.py::TestLayer1LLMValidation::test_llm_rejected_falls_to_week_pattern PASSED [ 44%]
packages\api\tests\test_date_resolver.py::TestLayer2WeekRelative::test_week_1_tuesday PASSED [ 44%]
packages\api\tests\test_date_resolver.py::TestLayer2WeekRelative::test_week_1_thursday PASSED [ 44%]
packages\api\tests\test_date_resolver.py::TestLayer2WeekRelative::test_week_3_no_day PASSED [ 45%]
packages\api\tests\test_date_resolver.py::TestLayer2WeekRelative::test_week_3_tuesday PASSED [ 45%]
packages\api\tests\test_date_resolver.py::TestLayer2WeekRelative::test_wk_5_thurs_abbreviation PASSED [ 45%]
packages\api\tests\test_date_resolver.py::TestLayer2WeekRelative::test_week_lowercase PASSED [ 45%]
packages\api\tests\test_date_resolver.py::TestLayer2WeekRelative::test_week_uppercase PASSED [ 45%]
packages\api\tests\test_date_resolver.py::TestLayer2WeekRelative::test_wk_no_space_before_number PASSED [ 45%]
packages\api\tests\test_date_resolver.py::TestLayer2WeekRelative::test_week_4_wednesday PASSED [ 45%]
packages\api\tests\test_date_resolver.py::TestLayer2WeekRelative::test_week_10_monday PASSED [ 46%]
packages\api\tests\test_date_resolver.py::TestLayer2WeekRelative::test_week_with_tue_abbrev PASSED [ 46%]
packages\api\tests\test_date_resolver.py::TestLayer2WeekRelative::test_week_with_mon_abbrev PASSED [ 46%]
packages\api\tests\test_date_resolver.py::TestLayer2WeekRelative::test_week_with_fri_abbrev PASSED [ 46%]
packages\api\tests\test_date_resolver.py::TestLayer2WeekRelative::test_week_with_wed_abbrev PASSED [ 46%]
packages\api\tests\test_date_resolver.py::TestLayer2WeekRelative::test_end_of_week_10 PASSED [ 46%]
packages\api\tests\test_date_resolver.py::TestLayer2WeekRelative::test_end_of_week_without_due_prefix PASSED [ 46%]
packages\api\tests\test_date_resolver.py::TestLayer2WeekRelative::test_week_15_saturday PASSED [ 47%]
packages\api\tests\test_date_resolver.py::TestLayer2WeekRelative::test_week_1_is_first_week PASSED [ 47%]
packages\api\tests\test_date_resolver.py::TestLayer2WeekRelative::test_week_beyond_semester PASSED [ 47%]
packages\api\tests\test_date_resolver.py::TestLayer2WeekRelative::test_week_with_surrounding_text PASSED [ 47%]
packages\api\tests\test_date_resolver.py::TestHolidayHandling::test_week_9_tuesday_spring_break PASSED [ 47%]
packages\api\tests\test_date_resolver.py::TestHolidayHandling::test_week_9_monday_spring_break PASSED [ 47%]
packages\api\tests\test_date_resolver.py::TestHolidayHandling::test_week_9_thursday_spring_break PASSED [ 47%]
packages\api\tests\test_date_resolver.py::TestHolidayHandling::test_week_9_friday_spring_break PASSED [ 48%]
packages\api\tests\test_date_resolver.py::TestHolidayHandling::test_week_8_not_affected PASSED [ 48%]
packages\api\tests\test_date_resolver.py::TestHolidayHandling::test_week_10_not_affected PASSED [ 48%]
packages\api\tests\test_date_resolver.py::TestHolidayHandling::test_end_of_week_9_spring_break PASSED [ 48%]
packages\api\tests\test_date_resolver.py::TestHolidayHandling::test_multiple_holidays PASSED [ 48%]
packages\api\tests\test_date_resolver.py::TestHolidayHandling::test_holiday_with_date_objects PASSED [ 48%]
packages\api\tests\test_date_resolver.py::TestHolidayHandling::test_no_holidays_semester PASSED [ 48%]
packages\api\tests\test_date_resolver.py::TestLayer3Dateparser::test_full_date_with_year PASSED [ 49%]
packages\api\tests\test_date_resolver.py::TestLayer3Dateparser::test_us_date_format PASSED [ 49%]
packages\api\tests\test_date_resolver.py::TestLayer3Dateparser::test_month_day_no_year PASSED [ 49%]
packages\api\tests\test_date_resolver.py::TestLayer3Dateparser::test_march_5 PASSED [ 49%]
packages\api\tests\test_date_resolver.py::TestLayer3Dateparser::test_february_28 PASSED [ 49%]
packages\api\tests\test_date_resolver.py::TestLayer3Dateparser::test_april_15 PASSED [ 49%]
packages\api\tests\test_date_resolver.py::TestLayer3Dateparser::test_iso_format PASSED [ 49%]
packages\api\tests\test_date_resolver.py::TestLayer3Dateparser::test_abbreviated_month_day PASSED [ 50%]
packages\api\tests\test_date_resolver.py::TestAmbiguousDates::test_tba PASSED [ 50%]
packages\api\tests\test_date_resolver.py::TestAmbiguousDates::test_tbd PASSED [ 50%]
packages\api\tests\test_date_resolver.py::TestAmbiguousDates::test_see_course_website PASSED [ 50%]
packages\api\tests\test_date_resolver.py::TestAmbiguousDates::test_end_of_semester PASSED [ 50%]
packages\api\tests\test_date_resolver.py::TestAmbiguousDates::test_empty_string PASSED [ 50%]
packages\api\tests\test_date_resolver.py::TestAmbiguousDates::test_whitespace_only PASSED [ 50%]
packages\api\tests\test_date_resolver.py::TestAmbiguousDates::test_to_be_announced PASSED [ 51%]
packages\api\tests\test_date_resolver.py::TestAmbiguousDates::test_to_be_determined PASSED [ 51%]
packages\api\tests\test_date_resolver.py::TestAmbiguousDates::test_see_canvas PASSED [ 51%]
packages\api\tests\test_date_resolver.py::TestAmbiguousDates::test_original_text_preserved PASSED [ 51%]
packages\api\tests\test_date_resolver.py::TestEdgeCases::test_confidence_ordering PASSED [ 51%]
packages\api\tests\test_date_resolver.py::TestEdgeCases::test_case_insensitive_tba PASSED [ 51%]
packages\api\tests\test_date_resolver.py::TestEdgeCases::test_extra_whitespace_stripped PASSED [ 51%]
packages\api\tests\test_date_resolver.py::TestEdgeCases::test_ambiguous_preserves_original_text PASSED [ 52%]
packages\api\tests\test_date_resolver.py::TestEdgeCases::test_resolved_preserves_original_text PASSED [ 52%]
packages\api\tests\test_date_resolver.py::TestEdgeCases::test_week_relative_method_string PASSED [ 52%]
packages\api\tests\test_date_resolver.py::TestEdgeCases::test_dateparser_method_string PASSED [ 52%]
packages\api\tests\test_date_resolver.py::TestResolveAllDates::test_empty_list PASSED [ 52%]
packages\api\tests\test_date_resolver.py::TestResolveAllDates::test_single_assessment_resolved PASSED [ 52%]
packages\api\tests\test_date_resolver.py::TestResolveAllDates::test_preserves_other_fields PASSED [ 52%]
packages\api\tests\test_date_resolver.py::TestResolveAllDates::test_multiple_assessments PASSED [ 53%]
packages\api\tests\test_date_resolver.py::TestResolveAllDates::test_llm_resolved_used_when_valid PASSED [ 53%]
packages\api\tests\test_date_resolver.py::TestResolveAllDates::test_ambiguous_sets_none PASSED [ 53%]
packages\api\tests\test_date_resolver.py::TestResolveAllDates::test_null_raw_value PASSED [ 53%]
packages\api\tests\test_date_resolver.py::TestResolveAllDates::test_invalid_llm_date_ignored PASSED [ 53%]
packages\api\tests\test_date_resolver.py::TestResolveAllDates::test_does_not_mutate_input PASSED [ 53%]
packages\api\tests\test_document_tools.py::test_docx_extraction PASSED   [ 53%]
packages\api\tests\test_document_tools.py::test_pptx_extraction PASSED   [ 54%]
packages\api\tests\test_document_tools.py::test_unsupported_mime_type PASSED [ 54%]
packages\api\tests\test_document_tools.py::test_pdf_extraction_calls_gemini PASSED [ 54%]
packages\api\tests\test_document_tools.py::test_pdf_extraction_handles_gemini_error PASSED [ 54%]
packages\api\tests\test_embedding.py::TestEmbedQuery::test_returns_768_dimensions PASSED [ 54%]
packages\api\tests\test_embedding.py::TestEmbedQuery::test_uses_retrieval_query_task_type PASSED [ 54%]
packages\api\tests\test_embedding.py::TestEmbedQuery::test_different_queries_produce_different_calls PASSED [ 54%]
packages\api\tests\test_embedding.py::TestEmbedTexts::test_empty_list_returns_empty PASSED [ 55%]
packages\api\tests\test_embedding.py::TestEmbedTexts::test_batch_processing PASSED [ 55%]
packages\api\tests\test_embedding.py::TestEmbedTexts::test_uses_specified_task_type PASSED [ 55%]
packages\api\tests\test_embedding.py::TestEmbedTexts::test_default_task_type_is_retrieval_document PASSED [ 55%]
packages\api\tests\test_embedding.py::TestEmbedTexts::test_single_text_returns_single_embedding PASSED [ 55%]
packages\api\tests\test_fixtures_smoke.py::TestFixtures::test_test_user PASSED [ 55%]
packages\api\tests\test_fixtures_smoke.py::TestFixtures::test_test_course PASSED [ 55%]
packages\api\tests\test_fixtures_smoke.py::TestFixtures::test_test_lecture PASSED [ 55%]
packages\api\tests\test_fixtures_smoke.py::TestFixtures::test_test_chunks_count PASSED [ 56%]
packages\api\tests\test_fixtures_smoke.py::TestFixtures::test_test_chunks_embedding_dim PASSED [ 56%]
packages\api\tests\test_fixtures_smoke.py::TestFixtures::test_test_chunks_normalized PASSED [ 56%]
packages\api\tests\test_fixtures_smoke.py::TestFixtures::test_test_concepts_count PASSED [ 56%]
packages\api\tests\test_fixtures_smoke.py::TestFixtures::test_test_concepts_fields PASSED [ 56%]
packages\api\tests\test_fixtures_smoke.py::TestFixtures::test_mock_supabase_table PASSED [ 56%]
packages\api\tests\test_fixtures_smoke.py::TestFixtures::test_mock_gemini_client PASSED [ 56%]
packages\api\tests\test_fixtures_smoke.py::TestMockResponses::test_transcript_count PASSED [ 57%]
packages\api\tests\test_fixtures_smoke.py::TestMockResponses::test_slide_analysis_count PASSED [ 57%]
packages\api\tests\test_fixtures_smoke.py::TestMockResponses::test_concepts_count PASSED [ 57%]
packages\api\tests\test_fixtures_smoke.py::TestMockResponses::test_rag_answer_fields PASSED [ 57%]
packages\api\tests\test_fixtures_smoke.py::TestMockResponses::test_quiz_questions PASSED [ 57%]
packages\api\tests\test_input_router.py::TestRouteInputAudioOnly::test_mp3 PASSED [ 57%]
packages\api\tests\test_input_router.py::TestRouteInputAudioOnly::test_wav PASSED [ 57%]
packages\api\tests\test_input_router.py::TestRouteInputAudioOnly::test_m4a PASSED [ 58%]
packages\api\tests\test_input_router.py::TestRouteInputAudioOnly::test_ogg PASSED [ 58%]
packages\api\tests\test_input_router.py::TestRouteInputAudioOnly::test_webm PASSED [ 58%]
packages\api\tests\test_input_router.py::TestRouteInputAudioOnly::test_flac PASSED [ 58%]
packages\api\tests\test_input_router.py::TestRouteInputSlidesOnly::test_pdf PASSED [ 58%]
packages\api\tests\test_input_router.py::TestRouteInputSlidesOnly::test_pptx PASSED [ 58%]
packages\api\tests\test_input_router.py::TestRouteInputAudioPlusSlides::test_mp3_and_pdf PASSED [ 58%]
packages\api\tests\test_input_router.py::TestRouteInputAudioPlusSlides::test_wav_and_pptx PASSED [ 59%]
packages\api\tests\test_input_router.py::TestRouteInputRejections::test_empty_list PASSED [ 59%]
packages\api\tests\test_input_router.py::TestRouteInputRejections::test_unsupported_docx PASSED [ 59%]
packages\api\tests\test_input_router.py::TestRouteInputRejections::test_unsupported_txt PASSED [ 59%]
packages\api\tests\test_input_router.py::TestRouteInputRejections::test_unsupported_jpg PASSED [ 59%]
packages\api\tests\test_input_router.py::TestRouteInputRejections::test_multiple_audio_files PASSED [ 59%]
packages\api\tests\test_input_router.py::TestRouteInputRejections::test_multiple_audio_with_slides_still_errors PASSED [ 59%]
packages\api\tests\test_input_router.py::TestRouteInputCaseInsensitive::test_uppercase_mp3 PASSED [ 60%]
packages\api\tests\test_input_router.py::TestRouteInputCaseInsensitive::test_mixed_case_pdf PASSED [ 60%]
packages\api\tests\test_input_router.py::TestRouteInputCaseInsensitive::test_uppercase_pptx PASSED [ 60%]
packages\api\tests\test_input_router.py::TestRouteResultModel::test_returns_route_result_type PASSED [ 60%]
packages\api\tests\test_input_router.py::TestRouteResultModel::test_estimated_duration_defaults_none PASSED [ 60%]
packages\api\tests\test_lecture_processor.py::TestFullAudioSlidesPath::test_all_stages_called_in_order PASSED [ 60%]
packages\api\tests\test_lecture_processor.py::TestFullAudioSlidesPath::test_returns_correct_result PASSED [ 60%]
packages\api\tests\test_lecture_processor.py::TestFullAudioSlidesPath::test_parallel_execution_for_audio_slides PASSED [ 61%]
packages\api\tests\test_lecture_processor.py::TestAudioOnlyPath::test_slide_analyzer_not_called PASSED [ 61%]
packages\api\tests\test_lecture_processor.py::TestSlidesOnlyPath::test_transcriber_not_called PASSED [ 61%]
packages\api\tests\test_lecture_processor.py::TestSlidesOnlyPath::test_duration_is_none_without_transcript PASSED [ 61%]
packages\api\tests\test_lecture_processor.py::TestReprocessing::test_cleanup_called_on_reprocess PASSED [ 61%]
packages\api\tests\test_lecture_processor.py::TestReprocessing::test_no_cleanup_on_first_process PASSED [ 61%]
packages\api\tests\test_lecture_processor.py::TestFailureHandling::test_transcription_failure PASSED [ 61%]
packages\api\tests\test_lecture_processor.py::TestFailureHandling::test_slide_analysis_failure PASSED [ 62%]
packages\api\tests\test_lecture_processor.py::TestFailureHandling::test_concept_extraction_failure PASSED [ 62%]
packages\api\tests\test_lecture_processor.py::TestFailureHandling::test_embedding_failure PASSED [ 62%]
packages\api\tests\test_lecture_processor.py::TestFailureHandling::test_unknown_failure PASSED [ 62%]
packages\api\tests\test_lecture_processor.py::TestStatusUpdates::test_correct_stages_and_progress PASSED [ 62%]
packages\api\tests\test_lecture_processor.py::TestDurationCalculation::test_duration_from_transcript_timestamps PASSED [ 62%]
packages\api\tests\test_lecture_processor.py::TestHandleFailure::test_marks_lecture_as_failed PASSED [ 62%]
packages\api\tests\test_lecture_processor.py::TestHandleFailure::test_truncates_long_error_messages PASSED [ 63%]
packages\api\tests\test_lecture_processor.py::TestHandleFailure::test_status_update_failure_doesnt_raise PASSED [ 63%]
packages\api\tests\test_lecture_routes.py::TestLectureUpload::test_upload_valid_audio PASSED [ 63%]
packages\api\tests\test_lecture_routes.py::TestLectureUpload::test_upload_rejects_invalid_type PASSED [ 63%]
packages\api\tests\test_lecture_routes.py::TestLectureUpload::test_upload_rejects_oversized_file PASSED [ 63%]
packages\api\tests\test_lecture_routes.py::TestLectureUpload::test_upload_without_auth PASSED [ 63%]
packages\api\tests\test_lecture_routes.py::TestLectureUpload::test_upload_rate_limited PASSED [ 63%]
packages\api\tests\test_lecture_routes.py::TestLectureGet::test_get_lecture_detail PASSED [ 64%]
packages\api\tests\test_lecture_routes.py::TestLectureGet::test_get_lecture_status PASSED [ 64%]
packages\api\tests\test_lecture_routes.py::TestLectureGet::test_list_course_lectures PASSED [ 64%]
packages\api\tests\test_lecture_routes.py::TestLectureRetry::test_retry_failed_lecture PASSED [ 64%]
packages\api\tests\test_lecture_routes.py::TestLectureRetry::test_retry_non_failed_lecture PASSED [ 64%]
packages\api\tests\test_lecture_routes.py::TestLectureRetry::test_retry_max_exceeded PASSED [ 64%]
packages\api\tests\test_lecture_routes.py::TestLectureRetry::test_reprocess_lecture PASSED [ 64%]
packages\api\tests\test_lecture_storage.py::TestStoreChunks::test_inserts_with_correct_fields_no_fts PASSED [ 65%]
packages\api\tests\test_lecture_storage.py::TestStoreChunks::test_empty_list_returns_empty PASSED [ 65%]
packages\api\tests\test_lecture_storage.py::TestStoreConcepts::test_inserts_with_all_required_fields PASSED [ 65%]
packages\api\tests\test_lecture_storage.py::TestStoreConcepts::test_empty_list_returns_empty PASSED [ 65%]
packages\api\tests\test_lecture_storage.py::TestCleanupLectureData::test_deletes_in_correct_fk_order PASSED [ 65%]
packages\api\tests\test_lecture_storage.py::TestCleanupLectureData::test_no_concepts_skips_link_deletion PASSED [ 65%]
packages\api\tests\test_performance.py::TestGetPerformanceEmpty::test_empty_data_returns_zeros PASSED [ 65%]
packages\api\tests\test_performance.py::TestGetPerformanceMastery::test_computes_mastery_blend PASSED [ 66%]
packages\api\tests\test_performance.py::TestGetPerformanceMastery::test_zero_mastery_for_new_concepts PASSED [ 66%]
packages\api\tests\test_performance.py::TestGetPerformanceMastery::test_weak_concepts_below_half PASSED [ 66%]
packages\api\tests\test_performance.py::TestGetPerformanceMastery::test_strong_concepts_above_80 PASSED [ 66%]
packages\api\tests\test_performance.py::TestGetPerformanceOverall::test_overall_accuracy PASSED [ 66%]
packages\api\tests\test_performance.py::TestGetPerformanceOverall::test_average_quiz_score PASSED [ 66%]
packages\api\tests\test_performance.py::TestGetPerformanceOverall::test_quiz_history_formatting PASSED [ 66%]
packages\api\tests\test_performance.py::TestGetPerformanceCategories::test_strongest_weakest_categories PASSED [ 66%]
packages\api\tests\test_quiz_critic.py::TestCritiqueQuestions::test_accepts_faithful_question PASSED [ 67%]
packages\api\tests\test_quiz_critic.py::TestCritiqueQuestions::test_rejects_low_faithfulness PASSED [ 67%]
packages\api\tests\test_quiz_critic.py::TestCritiqueQuestions::test_clamps_scores PASSED [ 67%]
packages\api\tests\test_quiz_critic.py::TestCritiqueQuestions::test_normalizes_invalid_verdict PASSED [ 67%]
packages\api\tests\test_quiz_critic.py::TestCritiqueQuestions::test_handles_json_parse_error PASSED [ 67%]
packages\api\tests\test_quiz_critic.py::TestCritiqueQuestions::test_handles_multiple_questions PASSED [ 67%]
packages\api\tests\test_quiz_generator.py::TestGenerateQuestions::test_generates_questions_from_plan PASSED [ 67%]
packages\api\tests\test_quiz_generator.py::TestGenerateQuestions::test_filters_invalid_mcq PASSED [ 68%]
packages\api\tests\test_quiz_generator.py::TestGenerateQuestions::test_filters_mcq_multiple_correct PASSED [ 68%]
packages\api\tests\test_quiz_generator.py::TestGenerateQuestions::test_filters_missing_fields PASSED [ 68%]
packages\api\tests\test_quiz_generator.py::TestGenerateQuestions::test_passes_true_false_validation PASSED [ 68%]
packages\api\tests\test_quiz_generator.py::TestGenerateQuestions::test_uses_critic_feedback_for_revision PASSED [ 68%]
packages\api\tests\test_quiz_generator.py::TestGenerateQuestions::test_raises_on_invalid_json PASSED [ 68%]
packages\api\tests\test_quiz_loop.py::TestQuizLoop::test_single_iteration_all_accepted PASSED [ 68%]
packages\api\tests\test_quiz_loop.py::TestQuizLoop::test_revision_loop PASSED [ 69%]
packages\api\tests\test_quiz_loop.py::TestQuizLoop::test_rejected_questions_dropped PASSED [ 69%]
packages\api\tests\test_quiz_loop.py::TestQuizLoop::test_reindexes_questions PASSED [ 69%]
packages\api\tests\test_quiz_loop.py::TestQuizLoop::test_difficulty_ordering PASSED [ 69%]
packages\api\tests\test_quiz_planner.py::TestPlanQuiz::test_selects_concepts_for_assessment PASSED [ 69%]
packages\api\tests\test_quiz_planner.py::TestPlanQuiz::test_raises_if_no_concepts PASSED [ 69%]
packages\api\tests\test_quiz_planner.py::TestPlanQuiz::test_difficulty_filtering PASSED [ 69%]
packages\api\tests\test_quiz_planner.py::TestPlanQuiz::test_skips_concepts_without_chunks PASSED [ 70%]
packages\api\tests\test_quiz_routes.py::TestQuizGenerate::test_generate_returns_quiz_id PASSED [ 70%]
packages\api\tests\test_quiz_routes.py::TestQuizGenerate::test_generate_rate_limited PASSED [ 70%]
packages\api\tests\test_quiz_routes.py::TestQuizGet::test_get_ready_quiz_includes_answers PASSED [ 70%]
packages\api\tests\test_quiz_routes.py::TestQuizGet::test_get_generating_quiz_no_questions PASSED [ 70%]
packages\api\tests\test_quiz_routes.py::TestQuizSubmit::test_submit_returns_score_with_answers PASSED [ 70%]
packages\api\tests\test_quiz_routes.py::TestCourseQuizzes::test_list_course_quizzes PASSED [ 70%]
packages\api\tests\test_quiz_routes.py::TestCourseQuizzes::test_list_course_concepts PASSED [ 71%]
packages\api\tests\test_quiz_routes.py::TestCourseQuizzes::test_cross_user_quiz_access PASSED [ 71%]
packages\api\tests\test_quiz_service.py::TestSaveQuiz::test_creates_quiz_and_questions PASSED [ 71%]
packages\api\tests\test_quiz_service.py::TestSaveQuiz::test_handles_empty_questions PASSED [ 71%]
packages\api\tests\test_quiz_service.py::TestGetQuizWithQuestions::test_returns_quiz_with_questions PASSED [ 71%]
packages\api\tests\test_quiz_service.py::TestGetQuizWithQuestions::test_returns_none_if_not_found PASSED [ 71%]
packages\api\tests\test_quiz_service.py::TestScoreQuiz::test_scores_correctly PASSED [ 71%]
packages\api\tests\test_quiz_service.py::TestCheckAnswer::test_mcq_correct_by_label PASSED [ 72%]
packages\api\tests\test_quiz_service.py::TestCheckAnswer::test_mcq_correct_by_text PASSED [ 72%]
packages\api\tests\test_quiz_service.py::TestCheckAnswer::test_mcq_case_insensitive_label PASSED [ 72%]
packages\api\tests\test_quiz_service.py::TestCheckAnswer::test_true_false_true PASSED [ 72%]
packages\api\tests\test_quiz_service.py::TestCheckAnswer::test_true_false_false PASSED [ 72%]
packages\api\tests\test_quiz_service.py::TestCheckAnswer::test_short_answer_case_insensitive PASSED [ 72%]
packages\api\tests\test_quiz_service.py::TestCheckAnswer::test_unknown_type_returns_false PASSED [ 72%]
packages\api\tests\test_rag.py::TestAskLectureQuestion::test_returns_answer_with_sources PASSED [ 73%]
packages\api\tests\test_rag.py::TestAskLectureQuestion::test_no_chunks_returns_not_found PASSED [ 73%]
packages\api\tests\test_rag.py::TestAskLectureQuestion::test_handles_non_json_response PASSED [ 73%]
packages\api\tests\test_rag.py::TestAskLectureQuestion::test_confidence_clamped_to_0_1 PASSED [ 73%]
packages\api\tests\test_rag.py::TestAskLectureQuestion::test_confidence_clamped_below_zero PASSED [ 73%]
packages\api\tests\test_rag.py::TestAskLectureQuestion::test_follow_up_limited_to_3 PASSED [ 73%]
packages\api\tests\test_rag.py::TestAskLectureQuestion::test_lecture_filter_passed_through PASSED [ 73%]
packages\api\tests\test_rag.py::TestAskLectureQuestion::test_fallback_sources_when_no_cited_sources PASSED [ 74%]
packages\api\tests\test_rate_limit.py::TestCheckRateLimit::test_allows_within_limit PASSED [ 74%]
packages\api\tests\test_rate_limit.py::TestCheckRateLimit::test_raises_429_when_exceeded PASSED [ 74%]
packages\api\tests\test_rate_limit.py::TestCheckRateLimit::test_unknown_action_allowed PASSED [ 74%]
packages\api\tests\test_rate_limit.py::TestCheckRateLimit::test_records_event_on_success PASSED [ 74%]
packages\api\tests\test_rate_limit.py::TestGetRateLimitStatus::test_returns_correct_counts PASSED [ 74%]
packages\api\tests\test_rate_limit.py::TestGetRateLimitStatus::test_zero_remaining_when_maxed PASSED [ 74%]
packages\api\tests\test_rate_limit.py::TestRateLimitValues::test_quiz_generate PASSED [ 75%]
packages\api\tests\test_rate_limit.py::TestRateLimitValues::test_qa_question PASSED [ 75%]
packages\api\tests\test_rate_limit.py::TestRateLimitValues::test_lecture_upload PASSED [ 75%]
packages\api\tests\test_search.py::TestSearchLectures::test_returns_results_with_correct_fields PASSED [ 75%]
packages\api\tests\test_search.py::TestSearchLectures::test_empty_results_returns_empty_list PASSED [ 75%]
packages\api\tests\test_search.py::TestSearchLectures::test_lecture_filter_passed_to_rpc PASSED [ 75%]
packages\api\tests\test_search.py::TestSearchLectures::test_respects_limit_parameter PASSED [ 75%]
packages\api\tests\test_search.py::TestSearchLectures::test_missing_lecture_title_shows_unknown PASSED [ 76%]
packages\api\tests\test_search.py::TestHighlightSearchTerms::test_highlights_matching_terms PASSED [ 76%]
packages\api\tests\test_search.py::TestHighlightSearchTerms::test_truncates_long_content PASSED [ 76%]
packages\api\tests\test_search.py::TestHighlightSearchTerms::test_handles_empty_query PASSED [ 76%]
packages\api\tests\test_search.py::TestHighlightSearchTerms::test_case_insensitive_highlighting PASSED [ 76%]
packages\api\tests\test_search.py::TestHighlightSearchTerms::test_short_query_terms_ignored PASSED [ 76%]
packages\api\tests\test_search.py::TestFormatChunksForContext::test_formats_with_source_labels PASSED [ 76%]
packages\api\tests\test_search.py::TestFormatChunksForContext::test_respects_token_budget PASSED [ 77%]
packages\api\tests\test_search.py::TestFormatChunksForContext::test_empty_chunks_returns_empty PASSED [ 77%]
packages\api\tests\test_search.py::TestFormatChunksForContext::test_no_timestamp_when_missing PASSED [ 77%]
packages\api\tests\test_search_routes.py::TestSearch::test_search_valid_query PASSED [ 77%]
packages\api\tests\test_search_routes.py::TestSearch::test_search_empty_query_rejected PASSED [ 77%]
packages\api\tests\test_search_routes.py::TestSearch::test_search_without_auth PASSED [ 77%]
packages\api\tests\test_search_routes.py::TestQA::test_qa_valid_question PASSED [ 77%]
packages\api\tests\test_search_routes.py::TestQA::test_qa_rate_limited PASSED [ 77%]
packages\api\tests\test_slide_analyzer.py::TestValidateSlideAnalysis::test_valid_data_passes_through PASSED [ 78%]
packages\api\tests\test_slide_analyzer.py::TestValidateSlideAnalysis::test_missing_fields_get_defaults PASSED [ 78%]
packages\api\tests\test_slide_analyzer.py::TestValidateSlideAnalysis::test_boolean_fields_coerced PASSED [ 78%]
packages\api\tests\test_slide_analyzer.py::TestValidateSlideAnalysis::test_empty_list PASSED [ 78%]
packages\api\tests\test_slide_analyzer.py::TestGetSlideMimeType::test_pdf PASSED [ 78%]
packages\api\tests\test_slide_analyzer.py::TestGetSlideMimeType::test_pptx PASSED [ 78%]
packages\api\tests\test_slide_analyzer.py::TestGetSlideMimeType::test_unknown_defaults_to_pdf PASSED [ 78%]
packages\api\tests\test_slide_analyzer.py::TestAnalyzeSlides::test_successful_pdf_analysis PASSED [ 79%]
packages\api\tests\test_slide_analyzer.py::TestAnalyzeSlides::test_transient_failure_retries_then_succeeds PASSED [ 79%]
packages\api\tests\test_slide_analyzer.py::TestAnalyzeSlides::test_all_retries_exhausted_raises_error PASSED [ 79%]
packages\api\tests\test_slide_analyzer.py::TestAnalyzeSlides::test_slide_analysis_error_not_retried PASSED [ 79%]
packages\api\tests\test_slide_analyzer.py::TestCallGemini::test_parses_valid_json PASSED [ 79%]
packages\api\tests\test_slide_analyzer.py::TestCallGemini::test_strips_markdown_code_fences PASSED [ 79%]
packages\api\tests\test_slide_analyzer.py::TestCallGemini::test_invalid_json_raises_error PASSED [ 79%]
packages\api\tests\test_slide_analyzer.py::TestCallGemini::test_non_array_raises_error PASSED [ 80%]
packages\api\tests\test_study_actions.py::TestComputeExpectedMeetings::test_basic_mwf_schedule PASSED [ 80%]
packages\api\tests\test_study_actions.py::TestComputeExpectedMeetings::test_skips_holidays PASSED [ 80%]
packages\api\tests\test_study_actions.py::TestComputeExpectedMeetings::test_empty_meeting_days PASSED [ 80%]
packages\api\tests\test_study_actions.py::TestComputeExpectedMeetings::test_invalid_day_names_ignored PASSED [ 80%]
packages\api\tests\test_study_actions.py::TestComputeExpectedMeetings::test_as_of_limits_range PASSED [ 80%]
packages\api\tests\test_study_actions.py::TestComputeExpectedMeetings::test_multi_day_holiday_range PASSED [ 80%]
packages\api\tests\test_study_actions.py::TestComputeLectureGap::test_no_gap_when_all_uploaded PASSED [ 81%]
packages\api\tests\test_study_actions.py::TestComputeLectureGap::test_gap_detected PASSED [ 81%]
packages\api\tests\test_study_actions.py::TestComputeLectureGap::test_next_expected_date PASSED [ 81%]
packages\api\tests\test_study_actions.py::TestComputeLectureGap::test_extra_lectures_no_negative PASSED [ 81%]
packages\api\tests\test_study_actions.py::TestComputeLectureGap::test_last_expected_date PASSED [ 81%]
packages\api\tests\test_study_actions.py::TestGetStudyActionsNoSyllabus::test_no_syllabus_top_priority PASSED [ 81%]
packages\api\tests\test_study_actions.py::TestGetStudyActionsNoSyllabus::test_no_syllabus_skips_other_tiers PASSED [ 81%]
packages\api\tests\test_study_actions.py::TestGetStudyActionsSyllabusReview::test_needs_review_produces_action PASSED [ 82%]
packages\api\tests\test_study_actions.py::TestGetStudyActionsLectureGaps::test_missing_lectures_detected PASSED [ 82%]
packages\api\tests\test_study_actions.py::TestGetStudyActionsLectureGaps::test_no_meeting_days_no_lecture_action PASSED [ 82%]
packages\api\tests\test_study_actions.py::TestGetStudyActionsSorting::test_actions_sorted_by_priority PASSED [ 82%]
packages\api\tests\test_study_actions.py::TestGetStudyActionsSorting::test_limit_respected PASSED [ 82%]
packages\api\tests\test_study_actions.py::TestGetStudyActionsCTAUrls::test_cta_urls_valid PASSED [ 82%]
packages\api\tests\test_study_actions_llm.py::TestBuildLLMContext::test_includes_all_courses PASSED [ 82%]
packages\api\tests\test_study_actions_llm.py::TestBuildLLMContext::test_includes_cta_urls PASSED [ 83%]
packages\api\tests\test_study_actions_llm.py::TestBuildLLMContext::test_includes_lecture_gap PASSED [ 83%]
packages\api\tests\test_study_actions_llm.py::TestBuildLLMContext::test_omits_lecture_gap_when_caught_up PASSED [ 83%]
packages\api\tests\test_study_actions_llm.py::TestBuildLLMContext::test_includes_performance_data PASSED [ 83%]
packages\api\tests\test_study_actions_llm.py::TestBuildLLMContext::test_no_performance_for_new_course PASSED [ 83%]
packages\api\tests\test_study_actions_llm.py::TestValidateLLMActions::test_valid_actions_pass_through PASSED [ 83%]
packages\api\tests\test_study_actions_llm.py::TestValidateLLMActions::test_invalid_action_type_dropped PASSED [ 83%]
packages\api\tests\test_study_actions_llm.py::TestValidateLLMActions::test_invalid_course_id_dropped PASSED [ 84%]
packages\api\tests\test_study_actions_llm.py::TestValidateLLMActions::test_malformed_cta_url_auto_corrected PASSED [ 84%]
packages\api\tests\test_study_actions_llm.py::TestValidateLLMActions::test_course_name_overwritten PASSED [ 84%]
packages\api\tests\test_study_actions_llm.py::TestValidateLLMActions::test_priority_clamped PASSED [ 84%]
packages\api\tests\test_study_actions_llm.py::TestValidateLLMActions::test_empty_actions PASSED [ 84%]
packages\api\tests\test_study_actions_llm.py::TestValidateLLMActions::test_non_list_actions PASSED [ 84%]
packages\api\tests\test_study_actions_llm.py::TestValidateLLMActions::test_all_action_types_accepted PASSED [ 84%]
packages\api\tests\test_study_actions_llm.py::TestGetStudyActionsLLM::test_no_courses_skips_llm_call PASSED [ 85%]
packages\api\tests\test_study_actions_llm.py::TestGetStudyActionsLLM::test_calls_gemini_with_correct_config PASSED [ 85%]
packages\api\tests\test_study_actions_llm.py::TestGetStudyActionsLLM::test_returns_sorted_actions PASSED [ 85%]
packages\api\tests\test_study_actions_llm.py::TestGetStudyActionsLLM::test_respects_limit PASSED [ 85%]
packages\api\tests\test_study_actions_llm.py::TestGetStudyActionsLLM::test_llm_failure_returns_empty PASSED [ 85%]
packages\api\tests\test_study_actions_llm.py::TestGetStudyActionsLLM::test_malformed_json_returns_empty PASSED [ 85%]
packages\api\tests\test_study_actions_routes.py::TestGlobalStudyActions::test_returns_200_with_actions PASSED [ 85%]
packages\api\tests\test_study_actions_routes.py::TestGlobalStudyActions::test_empty_for_no_courses PASSED [ 86%]
packages\api\tests\test_study_actions_routes.py::TestCourseStudyActions::test_returns_200_for_valid_course PASSED [ 86%]
packages\api\tests\test_study_actions_routes.py::TestCourseStudyActions::test_returns_404_for_invalid_course PASSED [ 86%]
packages\api\tests\test_syllabus_models.py::TestExtractedField::test_valid_string_value PASSED [ 86%]
packages\api\tests\test_syllabus_models.py::TestExtractedField::test_valid_float_value PASSED [ 86%]
packages\api\tests\test_syllabus_models.py::TestExtractedField::test_null_value PASSED [ 86%]
packages\api\tests\test_syllabus_models.py::TestExtractedField::test_confidence_at_boundaries PASSED [ 86%]
packages\api\tests\test_syllabus_models.py::TestExtractedField::test_confidence_below_zero_rejected PASSED [ 87%]
packages\api\tests\test_syllabus_models.py::TestExtractedField::test_confidence_above_one_rejected PASSED [ 87%]
packages\api\tests\test_syllabus_models.py::TestAssessmentType::test_all_values PASSED [ 87%]
packages\api\tests\test_syllabus_models.py::TestAssessmentType::test_is_str_enum PASSED [ 87%]
packages\api\tests\test_syllabus_models.py::TestSyllabusExtraction::test_valid_full_extraction PASSED [ 87%]
packages\api\tests\test_syllabus_models.py::TestSyllabusExtraction::test_minimal_extraction PASSED [ 87%]
packages\api\tests\test_syllabus_models.py::TestSyllabusExtraction::test_extraction_confidence_validated PASSED [ 87%]
packages\api\tests\test_syllabus_models.py::TestSyllabusExtraction::test_grade_component_with_drop_policy PASSED [ 88%]
packages\api\tests\test_syllabus_models.py::TestSyllabusExtraction::test_weekly_schedule_defaults PASSED [ 88%]
packages\api\tests\test_syllabus_models.py::TestExtractionToDbAssessments::test_produces_correct_rows PASSED [ 88%]
packages\api\tests\test_syllabus_models.py::TestExtractionToDbAssessments::test_ambiguous_date_flagged PASSED [ 88%]
packages\api\tests\test_syllabus_models.py::TestExtractionToDbAssessments::test_no_date_not_ambiguous PASSED [ 88%]
packages\api\tests\test_syllabus_models.py::TestExtractionToDbAssessments::test_unique_ids PASSED [ 88%]
packages\api\tests\test_syllabus_models.py::TestExtractionToDbAssessments::test_empty_assessments PASSED [ 88%]
packages\api\tests\test_syllabus_models.py::TestExtractionToDbAssessments::test_row_keys_match_db_schema PASSED [ 88%]
packages\api\tests\test_syllabus_models.py::TestJsonSchemaCompatibility::test_syllabus_extraction_produces_valid_json_schema PASSED [ 89%]
packages\api\tests\test_syllabus_models.py::TestJsonSchemaCompatibility::test_schema_is_json_serializable PASSED [ 89%]
packages\api\tests\test_syllabus_models.py::TestJsonSchemaCompatibility::test_extracted_field_schema_has_descriptions PASSED [ 89%]
packages\api\tests\test_syllabus_models.py::TestJsonSchemaCompatibility::test_roundtrip_through_json PASSED [ 89%]
packages\api\tests\test_syllabus_models.py::TestJsonSchemaCompatibility::test_schema_definitions_include_all_models PASSED [ 89%]
packages\api\tests\test_syllabus_processor.py::TestPipelineStructure::test_pipeline_is_parallel_extraction PASSED [ 89%]
packages\api\tests\test_syllabus_processor.py::TestPipelineStructure::test_pipeline_has_three_extractors PASSED [ 89%]
packages\api\tests\test_syllabus_processor.py::TestPipelineStructure::test_ingestion_agent_exists PASSED [ 90%]
packages\api\tests\test_syllabus_processor.py::TestPipelineStructure::test_all_extractors_use_gemini_flash PASSED [ 90%]
packages\api\tests\test_syllabus_processor.py::TestPipelineStructure::test_ingestion_has_document_tool PASSED [ 90%]
packages\api\tests\test_syllabus_processor.py::TestPipelineStructure::test_parallel_agent_has_three_sub_agents PASSED [ 90%]
packages\api\tests\test_syllabus_processor.py::TestPipelineStructure::test_extraction_output_keys PASSED [ 90%]
packages\api\tests\test_syllabus_processor.py::TestIntermediateSchemas::test_schedule_output_schema PASSED [ 90%]
packages\api\tests\test_syllabus_processor.py::TestIntermediateSchemas::test_grading_output_schema PASSED [ 90%]
packages\api\tests\test_syllabus_processor.py::TestIntermediateSchemas::test_info_output_schema PASSED [ 91%]
packages\api\tests\test_syllabus_processor.py::TestIntermediateSchemas::test_schemas_are_json_serializable PASSED [ 91%]
packages\api\tests\test_syllabus_processor.py::TestPipelineOutput::test_output_parses_as_valid_syllabus_extraction PASSED [ 91%]
packages\api\tests\test_syllabus_processor.py::TestPipelineOutput::test_grade_breakdown_has_at_least_one_component PASSED [ 91%]
packages\api\tests\test_syllabus_processor.py::TestPipelineOutput::test_assessments_non_empty PASSED [ 91%]
packages\api\tests\test_syllabus_processor.py::TestPipelineOutput::test_weekly_schedule_present PASSED [ 91%]
packages\api\tests\test_syllabus_processor.py::TestPipelineOutput::test_policies_extracted PASSED [ 91%]
packages\api\tests\test_syllabus_processor.py::TestPipelineOutput::test_extraction_roundtrips_through_json PASSED [ 92%]
packages\api\tests\test_syllabus_processor.py::TestFixtures::test_sample_pdf_fixture_exists PASSED [ 92%]
packages\api\tests\test_syllabus_processor.py::TestFixtures::test_sample_pdf_is_valid PASSED [ 92%]
packages\api\tests\test_syllabus_processor.py::TestMergeExtractionOutputs::test_merges_all_sections PASSED [ 92%]
packages\api\tests\test_syllabus_processor.py::TestMergeExtractionOutputs::test_handles_json_strings PASSED [ 92%]
packages\api\tests\test_syllabus_processor.py::TestMergeExtractionOutputs::test_handles_none_inputs PASSED [ 92%]
packages\api\tests\test_syllabus_processor.py::TestMergeExtractionOutputs::test_detects_missing_sections PASSED [ 92%]
packages\api\tests\test_syllabus_processor.py::TestRunnerIntegration::test_runner_accepts_pipeline PASSED [ 93%]
packages\api\tests\test_syllabus_service.py::TestBuildSemesterContext::test_valid_context PASSED [ 93%]
packages\api\tests\test_syllabus_service.py::TestBuildSemesterContext::test_normalizes_meeting_days PASSED [ 93%]
packages\api\tests\test_syllabus_service.py::TestBuildSemesterContext::test_missing_start_returns_none PASSED [ 93%]
packages\api\tests\test_syllabus_service.py::TestBuildSemesterContext::test_missing_end_returns_none PASSED [ 93%]
packages\api\tests\test_syllabus_service.py::TestBuildSemesterContext::test_empty_dict_returns_none PASSED [ 93%]
packages\api\tests\test_syllabus_service.py::TestBuildSemesterContext::test_invalid_dates_returns_none PASSED [ 93%]
packages\api\tests\test_syllabus_service.py::TestProcessSyllabus::test_end_to_end_populates_assessments PASSED [ 94%]
packages\api\tests\test_syllabus_service.py::TestProcessSyllabus::test_date_resolution_runs PASSED [ 94%]
packages\api\tests\test_syllabus_service.py::TestProcessSyllabus::test_ambiguous_dates_flagged PASSED [ 94%]
packages\api\tests\test_syllabus_service.py::TestProcessSyllabus::test_resolved_dates_not_ambiguous PASSED [ 94%]
packages\api\tests\test_syllabus_service.py::TestProcessSyllabus::test_grade_breakdown_matches_weights PASSED [ 94%]
packages\api\tests\test_syllabus_service.py::TestProcessSyllabus::test_extraction_failure_saves_error PASSED [ 94%]
packages\api\tests\test_syllabus_service.py::TestProcessSyllabus::test_no_semester_context_skips_date_resolution PASSED [ 94%]
packages\api\tests\test_syllabus_service.py::TestUpdateAssessmentFromReview::test_manual_date_correction_clears_ambiguous PASSED [ 95%]
packages\api\tests\test_syllabus_service.py::TestUpdateAssessmentFromReview::test_title_update_preserves_ambiguous_flag PASSED [ 95%]
packages\api\tests\test_syllabus_service.py::TestUpdateAssessmentFromReview::test_null_date_does_not_clear_ambiguous PASSED [ 95%]
packages\api\tests\test_syllabus_service.py::TestUpdateAssessmentFromReview::test_not_found_raises PASSED [ 95%]
packages\api\tests\test_syllabus_service.py::TestAcceptSyllabusReview::test_sets_needs_review_false PASSED [ 95%]
packages\api\tests\test_syllabus_service.py::TestAcceptSyllabusReview::test_returns_zero_count_when_no_assessments PASSED [ 95%]
packages\api\tests\test_syllabus_service.py::TestExtractionToDbAssessments::test_all_fields_mapped PASSED [ 95%]
packages\api\tests\test_syllabus_service.py::TestExtractionToDbAssessments::test_missing_title_defaults_to_untitled PASSED [ 96%]
packages\api\tests\test_syllabus_service.py::TestExtractionToDbAssessments::test_missing_type_defaults_to_other PASSED [ 96%]
packages\api\tests\test_syllabus_service.py::TestExtractionToDbAssessments::test_string_weight_converted_to_float PASSED [ 96%]
packages\api\tests\test_syllabus_service.py::TestExtractionToDbAssessments::test_empty_assessments_returns_empty_list PASSED [ 96%]
packages\api\tests\test_validation.py::TestGradeWeightValidation::test_exact_100_passes PASSED [ 96%]
packages\api\tests\test_validation.py::TestGradeWeightValidation::test_98_percent_passes PASSED [ 96%]
packages\api\tests\test_validation.py::TestGradeWeightValidation::test_102_percent_passes PASSED [ 96%]
packages\api\tests\test_validation.py::TestGradeWeightValidation::test_85_percent_fails PASSED [ 97%]
packages\api\tests\test_validation.py::TestGradeWeightValidation::test_110_percent_fails PASSED [ 97%]
packages\api\tests\test_validation.py::TestGradeWeightValidation::test_empty_grade_breakdown_fails PASSED [ 97%]
packages\api\tests\test_validation.py::TestDateBoundaryValidation::test_dates_within_semester_pass PASSED [ 97%]
packages\api\tests\test_validation.py::TestDateBoundaryValidation::test_date_before_semester_start PASSED [ 97%]
packages\api\tests\test_validation.py::TestDateBoundaryValidation::test_date_after_semester_end PASSED [ 97%]
packages\api\tests\test_validation.py::TestDateBoundaryValidation::test_null_resolved_date_is_skipped PASSED [ 97%]
packages\api\tests\test_validation.py::TestDateBoundaryValidation::test_boundary_dates_are_inclusive PASSED [ 98%]
packages\api\tests\test_validation.py::TestDuplicateDetection::test_no_duplicates PASSED [ 98%]
packages\api\tests\test_validation.py::TestDuplicateDetection::test_exact_duplicate_detected PASSED [ 98%]
packages\api\tests\test_validation.py::TestDuplicateDetection::test_same_title_different_date_ok PASSED [ 98%]
packages\api\tests\test_validation.py::TestDuplicateDetection::test_same_date_different_title_ok PASSED [ 98%]
packages\api\tests\test_validation.py::TestAssessmentCompleteness::test_complete_assessments_pass PASSED [ 98%]
packages\api\tests\test_validation.py::TestAssessmentCompleteness::test_missing_title_detected PASSED [ 98%]
packages\api\tests\test_validation.py::TestAssessmentCompleteness::test_missing_type_detected PASSED [ 99%]
packages\api\tests\test_validation.py::TestPostProcessExtraction::test_recomputes_confidence PASSED [ 99%]
packages\api\tests\test_validation.py::TestPostProcessExtraction::test_flags_low_confidence_fields PASSED [ 99%]
packages\api\tests\test_validation.py::TestPostProcessExtraction::test_flags_weight_issues PASSED [ 99%]
packages\api\tests\test_validation.py::TestPostProcessExtraction::test_flags_date_boundary_issues PASSED [ 99%]
packages\api\tests\test_validation.py::TestPostProcessExtraction::test_returns_valid_syllabus_extraction PASSED [ 99%]
packages\api\tests\test_validation.py::TestPostProcessExtraction::test_handles_missing_semester_context PASSED [ 99%]
packages\api\tests\test_validation.py::TestPostProcessExtraction::test_low_confidence_assessment_fields_flagged PASSED [100%]

====================== 617 passed, 92 skipped in 18.96s =======================
